2026-02-26 12:06:31.800  9723-9723  InsetsController        com.hypernews.app.debug              D  hide(ime(), fromIme=false)
2026-02-26 12:06:31.801  9723-9723  ImeTracker              com.hypernews.app.debug              I  com.hypernews.app.debug:764b6ea1: onCancelled at PHASE_CLIENT_ALREADY_HIDDEN
2026-02-26 12:06:32.863  9723-9868  System.err              com.hypernews.app.debug              W  SLF4J: Failed to load class "org.slf4j.impl.StaticLoggerBinder".
2026-02-26 12:06:32.864  9723-9868  System.err              com.hypernews.app.debug              W  SLF4J: Defaulting to no-operation (NOP) logger implementation
2026-02-26 12:06:32.865  9723-9868  System.err              com.hypernews.app.debug              W  SLF4J: See http://www.slf4j.org/codes.html#StaticLoggerBinder for further details.
2026-02-26 12:06:33.057  9723-9729  rnews.app.debug         com.hypernews.app.debug              I  Background concurrent mark compact GC freed 4789KB AllocSpace bytes, 6(328KB) LOS objects, 49% free, 7900KB/15MB, paused 8.639ms,3.968ms total 93.726ms
2026-02-26 12:06:33.159  9723-9868  CompatChangeReporter    com.hypernews.app.debug              D  Compat change id reported: 247079863; UID 10220; state: ENABLED
2026-02-26 12:06:33.189  9723-9723  WM-WorkSpec             com.hypernews.app.debug              W  Interval duration lesser than minimum allowed value; Changed to 900000
2026-02-26 12:06:33.222  9723-9723  WM-PackageManagerHelper com.hypernews.app.debug              D  androidx.work.impl.background.systemjob.SystemJobService enabled
2026-02-26 12:06:33.222  9723-9723  WM-Schedulers           com.hypernews.app.debug              D  Created SystemJobScheduler and enabled SystemJobService
2026-02-26 12:06:33.284  9723-9875  JobInfo                 com.hypernews.app.debug              W  Requested important-while-foreground flag for job0 is ignored and takes no effect
2026-02-26 12:06:33.285  9723-9875  CompatChangeReporter    com.hypernews.app.debug              D  Compat change id reported: 253665015; UID 10220; state: ENABLED
2026-02-26 12:06:33.339  9723-9875  CompatChangeReporter    com.hypernews.app.debug              D  Compat change id reported: 263076149; UID 10220; state: ENABLED
2026-02-26 12:06:34.024  9723-9875  WM-WorkerWrapper        com.hypernews.app.debug              I  Worker result SUCCESS for Work [ id=d1fcd6a4-62e3-43bc-9962-9589c00f4ff2, tags={ com.hypernews.app.worker.NewsSyncWorker } ]
2026-02-26 12:06:34.158  9723-9903  HWUI                    com.hypernews.app.debug              W  Failed to choose config with EGL_SWAP_BEHAVIOR_PRESERVED, retrying without...
2026-02-26 12:06:34.158  9723-9903  HWUI                    com.hypernews.app.debug              W  Failed to initialize 101010-2 format, error = EGL_SUCCESS
2026-02-26 12:06:34.301  9723-9867  HWUI                    com.hypernews.app.debug              W  Image decoding logging dropped!
2026-02-26 12:06:34.361  9723-9868  HWUI                    com.hypernews.app.debug              W  Image decoding logging dropped!
2026-02-26 12:06:34.595   736-736   NotifAttentionHelper    system_server                        E  Muting recently noisy 0|com.hypernews.app.debug|0|null|10220
2026-02-26 12:06:34.816   736-736   NotifAttentionHelper    system_server                        E  Muting recently noisy 0|com.hypernews.app.debug|0|null|10220
2026-02-26 12:06:35.031   736-736   NotifAttentionHelper    system_server                        E  Muting recently noisy 0|com.hypernews.app.debug|0|null|10220
2026-02-26 12:06:35.460   736-736   NotifAttentionHelper    system_server                        E  Muting recently noisy 0|com.hypernews.app.debug|0|null|10220
2026-02-26 12:06:35.678   736-736   NotifAttentionHelper    system_server                        E  Muting recently noisy 0|com.hypernews.app.debug|0|null|10220
2026-02-26 12:06:35.893   736-736   NotifAttentionHelper    system_server                        E  Muting recently noisy 0|com.hypernews.app.debug|0|null|10220
2026-02-26 12:06:36.106   736-736   NotifAttentionHelper    system_server                        E  Muting recently noisy 0|com.hypernews.app.debug|0|null|10220
2026-02-26 12:06:36.547   736-736   NotifAttentionHelper    system_server                        E  Muting recently noisy 0|com.hypernews.app.debug|0|null|10220
2026-02-26 12:06:36.768   736-736   NotifAttentionHelper    system_server                        E  Muting recently noisy 0|com.hypernews.app.debug|0|null|10220
2026-02-26 12:06:36.985   736-736   NotifAttentionHelper    system_server                        E  Muting recently noisy 0|com.hypernews.app.debug|0|null|10220
2026-02-26 12:06:37.199   736-736   NotifAttentionHelper    system_server                        E  Muting recently noisy 0|com.hypernews.app.debug|0|null|10220
2026-02-26 12:06:37.632   736-736   NotifAttentionHelper    system_server                        E  Muting recently noisy 0|com.hypernews.app.debug|0|null|10220
2026-02-26 12:06:37.849   736-736   NotifAttentionHelper    system_server                        E  Muting recently noisy 0|com.hypernews.app.debug|0|null|10220
2026-02-26 12:06:38.065   736-736   NotifAttentionHelper    system_server                        E  Muting recently noisy 0|com.hypernews.app.debug|0|null|10220
2026-02-26 12:06:38.281   736-736   NotifAttentionHelper    system_server                        E  Muting recently noisy 0|com.hypernews.app.debug|0|null|10220
2026-02-26 12:06:38.712   736-736   NotifAttentionHelper    system_server                        E  Muting recently noisy 0|com.hypernews.app.debug|0|null|10220
2026-02-26 12:06:38.925   736-736   NotifAttentionHelper    system_server                        E  Muting recently noisy 0|com.hypernews.app.debug|0|null|10220
2026-02-26 12:06:39.142   736-736   NotifAttentionHelper    system_server                        E  Muting recently noisy 0|com.hypernews.app.debug|0|null|10220
2026-02-26 12:06:39.355   736-736   NotifAttentionHelper    system_server                        E  Muting recently noisy 0|com.hypernews.app.debug|0|null|10220
2026-02-26 12:06:39.801   736-736   NotifAttentionHelper    system_server                        E  Muting recently noisy 0|com.hypernews.app.debug|0|null|10220
2026-02-26 12:06:40.015   736-736   NotifAttentionHelper    system_server                        E  Muting recently noisy 0|com.hypernews.app.debug|0|null|10220
2026-02-26 12:06:40.232   736-736   NotifAttentionHelper    system_server                        E  Muting recently noisy 0|com.hypernews.app.debug|0|null|10220
2026-02-26 12:06:40.449   736-736   NotifAttentionHelper    system_server                        E  Muting recently noisy 0|com.hypernews.app.debug|0|null|10220
2026-02-26 12:06:40.883   736-736   NotifAttentionHelper    system_server                        E  Muting recently noisy 0|com.hypernews.app.debug|0|null|10220
2026-02-26 12:06:41.104   736-736   NotifAttentionHelper    system_server                        E  Muting recently noisy 0|com.hypernews.app.debug|0|null|10220
2026-02-26 12:06:41.337   736-736   NotifAttentionHelper    system_server                        E  Muting recently noisy 0|com.hypernews.app.debug|0|null|10220
2026-02-26 12:06:41.444  9723-9868  HWUI                    com.hypernews.app.debug              W  Image decoding logging dropped!
2026-02-26 12:06:41.563   736-736   NotifAttentionHelper    system_server                        E  Muting recently noisy 0|com.hypernews.app.debug|0|null|10220
2026-02-26 12:06:42.020   736-736   NotifAttentionHelper    system_server                        E  Muting recently noisy 0|com.hypernews.app.debug|0|null|10220
2026-02-26 12:06:42.251   736-736   NotifAttentionHelper    system_server                        E  Muting recently noisy 0|com.hypernews.app.debug|0|null|10220
2026-02-26 12:06:42.476   736-736   NotifAttentionHelper    system_server                        E  Muting recently noisy 0|com.hypernews.app.debug|0|null|10220
2026-02-26 12:06:42.713   736-736   NotifAttentionHelper    system_server                        E  Muting recently noisy 0|com.hypernews.app.debug|0|null|10220
2026-02-26 12:06:43.202   736-736   NotifAttentionHelper    system_server                        E  Muting recently noisy 0|com.hypernews.app.debug|0|null|10220
2026-02-26 12:06:43.430   736-736   NotifAttentionHelper    system_server                        E  Muting recently noisy 0|com.hypernews.app.debug|0|null|10220
2026-02-26 12:06:43.674   736-736   NotifAttentionHelper    system_server                        E  Muting recently noisy 0|com.hypernews.app.debug|0|null|10220
2026-02-26 12:06:43.901   736-736   NotifAttentionHelper    system_server                        E  Muting recently noisy 0|com.hypernews.app.debug|0|null|10220
2026-02-26 12:06:44.409   736-736   NotifAttentionHelper    system_server                        E  Muting recently noisy 0|com.hypernews.app.debug|0|null|10220
2026-02-26 12:06:44.630   736-736   NotifAttentionHelper    system_server                        E  Muting recently noisy 0|com.hypernews.app.debug|0|null|10220
2026-02-26 12:06:44.845   736-736   NotifAttentionHelper    system_server                        E  Muting recently noisy 0|com.hypernews.app.debug|0|null|10220
2026-02-26 12:06:44.856  9723-10027 DynamiteModule          com.hypernews.app.debug              W  Local module descriptor class for com.google.android.gms.providerinstaller.dynamite not found.
2026-02-26 12:06:44.875  9723-10027 DynamiteModule          com.hypernews.app.debug              I  Considering local module com.google.android.gms.providerinstaller.dynamite:0 and remote module com.google.android.gms.providerinstaller.dynamite:0
2026-02-26 12:06:44.877  9723-10027 ProviderInstaller       com.hypernews.app.debug              W  Failed to load providerinstaller module: No acceptable module com.google.android.gms.providerinstaller.dynamite found. Local version is 0 and remote version is 0.
2026-02-26 12:06:44.894  9723-10027 ApplicationLoaders      com.hypernews.app.debug              D  Returning zygote-cached class loader: /system/framework/org.apache.http.legacy.jar
2026-02-26 12:06:44.895  9723-10027 ApplicationLoaders      com.hypernews.app.debug              D  Returning zygote-cached class loader: /system/framework/com.android.location.provider.jar
2026-02-26 12:06:44.897  9723-10027 ApplicationLoaders      com.hypernews.app.debug              D  Returning zygote-cached class loader: /system/framework/com.android.media.remotedisplay.jar
2026-02-26 12:06:44.900  9723-10027 ApplicationLoaders      com.hypernews.app.debug              D  Returning zygote-cached class loader: /system_ext/framework/androidx.window.extensions.jar
2026-02-26 12:06:44.901  9723-10027 ApplicationLoaders      com.hypernews.app.debug              D  Returning zygote-cached class loader: /system_ext/framework/androidx.window.sidecar.jar
2026-02-26 12:06:44.904  9723-10027 ProviderInstaller       com.hypernews.app.debug              W  Failed to report request stats: com.google.android.gms.common.security.ProviderInstallerImpl.reportRequestStats [class android.content.Context, long, long]
2026-02-26 12:06:44.972  9723-10029 GoogleApiManager        com.hypernews.app.debug              E  Failed to get service from broker.  (Fix with AI)
                                                                                                    java.lang.SecurityException: Unknown calling package name 'com.google.android.gms'.
                                                                                                    	at android.os.Parcel.createExceptionOrNull(Parcel.java:3340)
                                                                                                    	at android.os.Parcel.createException(Parcel.java:3324)
                                                                                                    	at android.os.Parcel.readException(Parcel.java:3307)
                                                                                                    	at android.os.Parcel.readException(Parcel.java:3249)
                                                                                                    	at beux.a(:com.google.android.gms@260534038@26.05.34 (260800-869443408):36)
                                                                                                    	at besy.z(:com.google.android.gms@260534038@26.05.34 (260800-869443408):143)
                                                                                                    	at bdze.run(:com.google.android.gms@260534038@26.05.34 (260800-869443408):42)
                                                                                                    	at android.os.Handler.handleCallback(Handler.java:995)
                                                                                                    	at android.os.Handler.dispatchMessage(Handler.java:103)
                                                                                                    	at ctdy.mv(:com.google.android.gms@260534038@26.05.34 (260800-869443408):1)
                                                                                                    	at ctdy.dispatchMessage(:com.google.android.gms@260534038@26.05.34 (260800-869443408):5)
                                                                                                    	at android.os.Looper.loopOnce(Looper.java:248)
                                                                                                    	at android.os.Looper.loop(Looper.java:338)
                                                                                                    	at android.os.HandlerThread.run(HandlerThread.java:85)
2026-02-26 12:06:44.973  9723-10029 GoogleApiManager        com.hypernews.app.debug              W  Not showing notification since connectionResult is not user-facing: ConnectionResult{statusCode=DEVELOPER_ERROR, resolution=null, message=null, clientMethodKey=null}
2026-02-26 12:06:44.979  9723-10028 FlagRegistrar           com.hypernews.app.debug              W  Failed to register com.google.android.gms.providerinstaller#com.hypernews.app.debug (Fix with AI)
                                                                                                    gacl: 17: 17: API: Phenotype.API is not available on this device. Connection failed with: ConnectionResult{statusCode=DEVELOPER_ERROR, resolution=null, message=null, clientMethodKey=null}
                                                                                                    	at gacn.a(:com.google.android.gms@260534038@26.05.34 (260800-869443408):13)
                                                                                                    	at gykt.d(:com.google.android.gms@260534038@26.05.34 (260800-869443408):3)
                                                                                                    	at gykv.run(:com.google.android.gms@260534038@26.05.34 (260800-869443408):130)
                                                                                                    	at gync.execute(:com.google.android.gms@260534038@26.05.34 (260800-869443408):1)
                                                                                                    	at gyld.f(:com.google.android.gms@260534038@26.05.34 (260800-869443408):1)
                                                                                                    	at gyld.m(:com.google.android.gms@260534038@26.05.34 (260800-869443408):99)
                                                                                                    	at gyld.r(:com.google.android.gms@260534038@26.05.34 (260800-869443408):17)
                                                                                                    	at fsqo.hy(:com.google.android.gms@260534038@26.05.34 (260800-869443408):35)
                                                                                                    	at fftl.run(:com.google.android.gms@260534038@26.05.34 (260800-869443408):12)
                                                                                                    	at gync.execute(:com.google.android.gms@260534038@26.05.34 (260800-869443408):1)
                                                                                                    	at fftm.b(:com.google.android.gms@260534038@26.05.34 (260800-869443408):18)
                                                                                                    	at ffub.b(:com.google.android.gms@260534038@26.05.34 (260800-869443408):34)
                                                                                                    	at ffud.d(:com.google.android.gms@260534038@26.05.34 (260800-869443408):25)
                                                                                                    	at bdwn.c(:com.google.android.gms@260534038@26.05.34 (260800-869443408):9)
                                                                                                    	at bdzc.q(:com.google.android.gms@260534038@26.05.34 (260800-869443408):48)
                                                                                                    	at bdzc.d(:com.google.android.gms@260534038@26.05.34 (260800-869443408):10)
                                                                                                    	at bdzc.g(:com.google.android.gms@260534038@26.05.34 (260800-869443408):191)
                                                                                                    	at bdzc.onConnectionFailed(:com.google.android.gms@260534038@26.05.34 (260800-869443408):2)
                                                                                                    	at bdze.run(:com.google.android.gms@260534038@26.05.34 (260800-869443408):70)
                                                                                                    	at android.os.Handler.handleCallback(Handler.java:995)
                                                                                                    	at android.os.Handler.dispatchMessage(Handler.java:103)
                                                                                                    	at ctdy.mv(:com.google.android.gms@260534038@26.05.34 (260800-869443408):1)
                                                                                                    	at ctdy.dispatchMessage(:com.google.android.gms@260534038@26.05.34 (260800-869443408):5)
                                                                                                    	at android.os.Looper.loopOnce(Looper.java:248)
                                                                                                    	at android.os.Looper.loop(Looper.java:338)
                                                                                                    	at android.os.HandlerThread.run(HandlerThread.java:85)
                                                                                                    Caused by: bduu: 17: API: Phenotype.API is not available on this device. Connection failed with: ConnectionResult{statusCode=DEVELOPER_ERROR, resolution=null, message=null, clientMethodKey=null}
                                                                                                    	at besk.a(:com.google.android.gms@260534038@26.05.34 (260800-869443408):15)
                                                                                                    	at bdwq.a(:com.google.android.gms@260534038@26.05.34 (260800-869443408):1)
                                                                                                    	at bdwn.c(:com.google.android.gms@260534038@26.05.34 (260800-869443408):5)
                                                                                                    	... 12 more
2026-02-26 12:06:44.981  9723-10030 gabz                    com.hypernews.app.debug              I  Unable to retrieve flag snapshot for com.google.android.gms.providerinstaller#com.hypernews.app.debug, using defaults.
2026-02-26 12:06:45.009  9723-10027 nativeloader            com.hypernews.app.debug              D  Load /data/app/~~ZgIihwtPP8qDclNjxNayjQ==/com.google.android.gms-2xNnS-_em7sB140O-K6cUA==/base.apk!/lib/x86_64/libconscrypt_gmscore_jni.so using class loader ns clns-10 (caller=/data/app/~~ZgIihwtPP8qDclNjxNayjQ==/com.google.android.gms-2xNnS-_em7sB140O-K6cUA==/base.apk): ok
2026-02-26 12:06:45.011  9723-10027 NativeCrypto            com.hypernews.app.debug              V  Registering com/google/android/gms/org/conscrypt/NativeCrypto's 334 native methods...
2026-02-26 12:06:45.030  9723-10027 rnews.app.debug         com.hypernews.app.debug              I  hiddenapi: Accessing hidden method Ljava/security/spec/ECParameterSpec;->getCurveName()Ljava/lang/String; (runtime_flags=0, domain=core-platform, api=unsupported) from Lcom/google/android/gms/org/conscrypt/Platform; (domain=app) using reflection: allowed
2026-02-26 12:06:45.066  9723-10027 ProviderInstaller       com.hypernews.app.debug              I  Installed default security provider GmsCore_OpenSSL
2026-02-26 12:06:45.096   736-736   NotifAttentionHelper    system_server                        E  Muting recently noisy 0|com.hypernews.app.debug|0|null|10220
2026-02-26 12:06:45.260  9723-9729  rnews.app.debug         com.hypernews.app.debug              I  Background concurrent mark compact GC freed 9151KB AllocSpace bytes, 9(696KB) LOS objects, 49% free, 9666KB/18MB, paused 5.159ms,8.032ms total 223.532ms
2026-02-26 12:06:45.553  9723-10043 rnews.app.debug         com.hypernews.app.debug              I  hiddenapi: Accessing hidden field Ljava/net/Socket;->impl:Ljava/net/SocketImpl; (runtime_flags=0, domain=core-platform, api=unsupported) from Lcom/google/android/gms/org/conscrypt/Platform; (domain=app) using reflection: allowed
2026-02-26 12:06:45.596   736-736   NotifAttentionHelper    system_server                        E  Muting recently noisy 0|com.hypernews.app.debug|0|null|10220
2026-02-26 12:06:45.636  9723-10043 rnews.app.debug         com.hypernews.app.debug              I  hiddenapi: Accessing hidden method Ljava/security/spec/ECParameterSpec;->setCurveName(Ljava/lang/String;)V (runtime_flags=0, domain=core-platform, api=unsupported) from Lcom/google/android/gms/org/conscrypt/Platform; (domain=app) using reflection: allowed
2026-02-26 12:06:45.830   736-736   NotifAttentionHelper    system_server                        E  Muting recently noisy 0|com.hypernews.app.debug|0|null|10220
2026-02-26 12:06:46.062   736-736   NotifAttentionHelper    system_server                        E  Muting recently noisy 0|com.hypernews.app.debug|0|null|10220
2026-02-26 12:06:46.301   736-736   NotifAttentionHelper    system_server                        E  Muting recently noisy 0|com.hypernews.app.debug|0|null|10220
2026-02-26 12:06:46.849   736-736   NotifAttentionHelper    system_server                        E  Muting recently noisy 0|com.hypernews.app.debug|0|null|10220
2026-02-26 12:06:47.082   736-736   NotifAttentionHelper    system_server                        E  Muting recently noisy 0|com.hypernews.app.debug|0|null|10220
2026-02-26 12:06:47.304   736-736   NotifAttentionHelper    system_server                        E  Muting recently noisy 0|com.hypernews.app.debug|0|null|10220
2026-02-26 12:06:47.520   736-736   NotifAttentionHelper    system_server                        E  Muting recently noisy 0|com.hypernews.app.debug|0|null|10220
2026-02-26 12:06:47.950   736-736   NotifAttentionHelper    system_server                        E  Muting recently noisy 0|com.hypernews.app.debug|0|null|10220
2026-02-26 12:06:48.165   736-736   NotifAttentionHelper    system_server                        E  Muting recently noisy 0|com.hypernews.app.debug|0|null|10220
2026-02-26 12:06:48.379   736-736   NotifAttentionHelper    system_server                        E  Muting recently noisy 0|com.hypernews.app.debug|0|null|10220
2026-02-26 12:06:48.602   736-736   NotifAttentionHelper    system_server                        E  Muting recently noisy 0|com.hypernews.app.debug|0|null|10220
2026-02-26 12:06:49.041   736-736   NotifAttentionHelper    system_server                        E  Muting recently noisy 0|com.hypernews.app.debug|0|null|10220
2026-02-26 12:06:49.258   736-736   NotifAttentionHelper    system_server                        E  Muting recently noisy 0|com.hypernews.app.debug|0|null|10220
2026-02-26 12:06:49.475   736-736   NotifAttentionHelper    system_server                        E  Muting recently noisy 0|com.hypernews.app.debug|0|null|10220
2026-02-26 12:06:49.691   736-736   NotifAttentionHelper    system_server                        E  Muting recently noisy 0|com.hypernews.app.debug|0|null|10220
2026-02-26 12:06:50.128   736-736   NotifAttentionHelper    system_server                        E  Muting recently noisy 0|com.hypernews.app.debug|0|null|10220
2026-02-26 12:06:50.344   736-736   NotifAttentionHelper    system_server                        E  Muting recently noisy 0|com.hypernews.app.debug|0|null|10220
2026-02-26 12:06:50.559   736-736   NotifAttentionHelper    system_server                        E  Muting recently noisy 0|com.hypernews.app.debug|0|null|10220
2026-02-26 12:06:50.773   736-736   NotifAttentionHelper    system_server                        E  Muting recently noisy 0|com.hypernews.app.debug|0|null|10220
2026-02-26 12:06:50.911  9723-9723  WindowOnBackDispatcher  com.hypernews.app.debug              W  sendCancelIfRunning: isInProgress=false callback=androidx.activity.OnBackPressedDispatcher$Api34Impl$createOnBackAnimationCallback$1@566980b
2026-02-26 12:06:51.233   736-736   NotifAttentionHelper    system_server                        E  Muting recently noisy 0|com.hypernews.app.debug|0|null|10220
2026-02-26 12:06:51.455   736-736   NotifAttentionHelper    system_server                        E  Muting recently noisy 0|com.hypernews.app.debug|0|null|10220
2026-02-26 12:06:51.687   736-736   NotifAttentionHelper    system_server                        E  Muting recently noisy 0|com.hypernews.app.debug|0|null|10220
2026-02-26 12:06:51.909   736-736   NotifAttentionHelper    system_server                        E  Muting recently noisy 0|com.hypernews.app.debug|0|null|10220
2026-02-26 12:06:52.367   736-736   NotifAttentionHelper    system_server                        E  Muting recently noisy 0|com.hypernews.app.debug|0|null|10220
2026-02-26 12:06:52.590   736-736   NotifAttentionHelper    system_server                        E  Muting recently noisy 0|com.hypernews.app.debug|0|null|10220
2026-02-26 12:06:52.818   736-736   NotifAttentionHelper    system_server                        E  Muting recently noisy 0|com.hypernews.app.debug|0|null|10220
2026-02-26 12:06:53.050   736-736   NotifAttentionHelper    system_server                        E  Muting recently noisy 0|com.hypernews.app.debug|0|null|10220
2026-02-26 12:06:53.521   736-736   NotifAttentionHelper    system_server                        E  Muting recently noisy 0|com.hypernews.app.debug|0|null|10220
2026-02-26 12:06:53.737   736-736   NotifAttentionHelper    system_server                        E  Muting recently noisy 0|com.hypernews.app.debug|0|null|10220
2026-02-26 12:06:53.949   736-736   NotifAttentionHelper    system_server                        E  Muting recently noisy 0|com.hypernews.app.debug|0|null|10220
2026-02-26 12:06:53.999  9723-9728  rnews.app.debug         com.hypernews.app.debug              I  Compiler allocated 6333KB to compile void com.hypernews.app.presentation.screens.detail.NewsDetailScreenKt$NewsDetailScreen$2.invoke(androidx.compose.foundation.layout.PaddingValues, androidx.compose.runtime.Composer, int)
2026-02-26 12:06:54.186   736-736   NotifAttentionHelper    system_server                        E  Muting recently noisy 0|com.hypernews.app.debug|0|null|10220
2026-02-26 12:06:54.685   736-736   NotifAttentionHelper    system_server                        E  Muting recently noisy 0|com.hypernews.app.debug|0|null|10220
2026-02-26 12:06:54.914   736-736   NotifAttentionHelper    system_server                        E  Muting recently noisy 0|com.hypernews.app.debug|0|null|10220
2026-02-26 12:06:54.980  9723-10029 GoogleApiManager        com.hypernews.app.debug              E  Failed to get service from broker.  (Fix with AI)
                                                                                                    java.lang.SecurityException: Unknown calling package name 'com.google.android.gms'.
                                                                                                    	at android.os.Parcel.createExceptionOrNull(Parcel.java:3340)
                                                                                                    	at android.os.Parcel.createException(Parcel.java:3324)
                                                                                                    	at android.os.Parcel.readException(Parcel.java:3307)
                                                                                                    	at android.os.Parcel.readException(Parcel.java:3249)
                                                                                                    	at beux.a(:com.google.android.gms@260534038@26.05.34 (260800-869443408):36)
                                                                                                    	at besy.z(:com.google.android.gms@260534038@26.05.34 (260800-869443408):143)
                                                                                                    	at bdze.run(:com.google.android.gms@260534038@26.05.34 (260800-869443408):42)
                                                                                                    	at android.os.Handler.handleCallback(Handler.java:995)
                                                                                                    	at android.os.Handler.dispatchMessage(Handler.java:103)
                                                                                                    	at ctdy.mv(:com.google.android.gms@260534038@26.05.34 (260800-869443408):1)
                                                                                                    	at ctdy.dispatchMessage(:com.google.android.gms@260534038@26.05.34 (260800-869443408):5)
                                                                                                    	at android.os.Looper.loopOnce(Looper.java:248)
                                                                                                    	at android.os.Looper.loop(Looper.java:338)
                                                                                                    	at android.os.HandlerThread.run(HandlerThread.java:85)
2026-02-26 12:06:54.981  9723-10029 GoogleApiManager        com.hypernews.app.debug              W  Not showing notification since connectionResult is not user-facing: ConnectionResult{statusCode=DEVELOPER_ERROR, resolution=null, message=null, clientMethodKey=null}
2026-02-26 12:06:55.138   736-736   NotifAttentionHelper    system_server                        E  Muting recently noisy 0|com.hypernews.app.debug|0|null|10220
2026-02-26 12:06:55.359   736-736   NotifAttentionHelper    system_server                        E  Muting recently noisy 0|com.hypernews.app.debug|0|null|10220
2026-02-26 12:06:55.791   736-736   NotifAttentionHelper    system_server                        E  Muting recently noisy 0|com.hypernews.app.debug|0|null|10220
2026-02-26 12:06:56.010   736-736   NotifAttentionHelper    system_server                        E  Muting recently noisy 0|com.hypernews.app.debug|0|null|10220
2026-02-26 12:06:56.225   736-736   NotifAttentionHelper    system_server                        E  Muting recently noisy 0|com.hypernews.app.debug|0|null|10220
2026-02-26 12:06:56.377  9723-9723  WindowOnBackDispatcher  com.hypernews.app.debug              W  sendCancelIfRunning: isInProgress=false callback=androidx.activity.OnBackPressedDispatcher$Api34Impl$createOnBackAnimationCallback$1@566980b
2026-02-26 12:06:56.450   736-736   NotifAttentionHelper    system_server                        E  Muting recently noisy 0|com.hypernews.app.debug|0|null|10220
2026-02-26 12:06:56.963   736-736   NotifAttentionHelper    system_server                        E  Muting recently noisy 0|com.hypernews.app.debug|0|null|10220
2026-02-26 12:06:57.187   736-736   NotifAttentionHelper    system_server                        E  Muting recently noisy 0|com.hypernews.app.debug|0|null|10220
2026-02-26 12:06:57.418   736-736   NotifAttentionHelper    system_server                        E  Muting recently noisy 0|com.hypernews.app.debug|0|null|10220
2026-02-26 12:06:57.640   736-736   NotifAttentionHelper    system_server                        E  Muting recently noisy 0|com.hypernews.app.debug|0|null|10220
2026-02-26 12:06:58.106   736-736   NotifAttentionHelper    system_server                        E  Muting recently noisy 0|com.hypernews.app.debug|0|null|10220
2026-02-26 12:06:58.352   736-736   NotifAttentionHelper    system_server                        E  Muting recently noisy 0|com.hypernews.app.debug|0|null|10220
2026-02-26 12:06:58.580   736-736   NotifAttentionHelper    system_server                        E  Muting recently noisy 0|com.hypernews.app.debug|0|null|10220
2026-02-26 12:06:58.811   736-736   NotifAttentionHelper    system_server                        E  Muting recently noisy 0|com.hypernews.app.debug|0|null|10220
2026-02-26 12:06:59.246   736-736   NotifAttentionHelper    system_server                        E  Muting recently noisy 0|com.hypernews.app.debug|0|null|10220
2026-02-26 12:06:59.460   736-736   NotifAttentionHelper    system_server                        E  Muting recently noisy 0|com.hypernews.app.debug|0|null|10220
2026-02-26 12:06:59.674   736-736   NotifAttentionHelper    system_server                        E  Muting recently noisy 0|com.hypernews.app.debug|0|null|10220
2026-02-26 12:06:59.894   736-736   NotifAttentionHelper    system_server                        E  Muting recently noisy 0|com.hypernews.app.debug|0|null|10220
2026-02-26 12:07:00.350   736-736   NotifAttentionHelper    system_server                        E  Muting recently noisy 0|com.hypernews.app.debug|0|null|10220
2026-02-26 12:07:00.565   736-736   NotifAttentionHelper    system_server                        E  Muting recently noisy 0|com.hypernews.app.debug|0|null|10220
2026-02-26 12:07:00.783   736-736   NotifAttentionHelper    system_server                        E  Muting recently noisy 0|com.hypernews.app.debug|0|null|10220
2026-02-26 12:07:01.003   736-736   NotifAttentionHelper    system_server                        E  Muting recently noisy 0|com.hypernews.app.debug|0|null|10220
2026-02-26 12:07:01.436   736-736   NotifAttentionHelper    system_server                        E  Muting recently noisy 0|com.hypernews.app.debug|0|null|10220
2026-02-26 12:07:01.648   736-736   NotifAttentionHelper    system_server                        E  Muting recently noisy 0|com.hypernews.app.debug|0|null|10220
2026-02-26 12:07:01.859   736-736   NotifAttentionHelper    system_server                        E  Muting recently noisy 0|com.hypernews.app.debug|0|null|10220
2026-02-26 12:07:02.071   736-736   NotifAttentionHelper    system_server                        E  Muting recently noisy 0|com.hypernews.app.debug|0|null|10220
2026-02-26 12:07:02.502   736-736   NotifAttentionHelper    system_server                        E  Muting recently noisy 0|com.hypernews.app.debug|0|null|10220
2026-02-26 12:07:02.722   736-736   NotifAttentionHelper    system_server                        E  Muting recently noisy 0|com.hypernews.app.debug|0|null|10220
2026-02-26 12:07:02.936   736-736   NotifAttentionHelper    system_server                        E  Muting recently noisy 0|com.hypernews.app.debug|0|null|10220
2026-02-26 12:07:03.156   736-736   NotifAttentionHelper    system_server                        E  Muting recently noisy 0|com.hypernews.app.debug|0|null|10220
2026-02-26 12:07:03.598   736-736   NotifAttentionHelper    system_server                        E  Muting recently noisy 0|com.hypernews.app.debug|0|null|10220
2026-02-26 12:07:03.816   736-736   NotifAttentionHelper    system_server                        E  Muting recently noisy 0|com.hypernews.app.debug|0|null|10220
2026-02-26 12:07:04.034   736-736   NotifAttentionHelper    system_server                        E  Muting recently noisy 0|com.hypernews.app.debug|0|null|10220
2026-02-26 12:07:04.249   736-736   NotifAttentionHelper    system_server                        E  Muting recently noisy 0|com.hypernews.app.debug|0|null|10220
2026-02-26 12:07:04.682   736-736   NotifAttentionHelper    system_server                        E  Muting recently noisy 0|com.hypernews.app.debug|0|null|10220
2026-02-26 12:07:04.895   736-736   NotifAttentionHelper    system_server                        E  Muting recently noisy 0|com.hypernews.app.debug|0|null|10220
2026-02-26 12:07:05.109   736-736   NotifAttentionHelper    system_server                        E  Muting recently noisy 0|com.hypernews.app.debug|0|null|10220
2026-02-26 12:07:05.321   736-736   NotifAttentionHelper    system_server                        E  Muting recently noisy 0|com.hypernews.app.debug|0|null|10220
2026-02-26 12:07:05.757   736-736   NotifAttentionHelper    system_server                        E  Muting recently noisy 0|com.hypernews.app.debug|0|null|10220
2026-02-26 12:07:05.979   736-736   NotifAttentionHelper    system_server                        E  Muting recently noisy 0|com.hypernews.app.debug|0|null|10220
2026-02-26 12:07:06.196   736-736   NotifAttentionHelper    system_server                        E  Muting recently noisy 0|com.hypernews.app.debug|0|null|10220
2026-02-26 12:07:06.410   736-736   NotifAttentionHelper    system_server                        E  Muting recently noisy 0|com.hypernews.app.debug|0|null|10220
2026-02-26 12:07:06.857   736-736   NotifAttentionHelper    system_server                        E  Muting recently noisy 0|com.hypernews.app.debug|0|null|10220
2026-02-26 12:07:07.074   736-736   NotifAttentionHelper    system_server                        E  Muting recently noisy 0|com.hypernews.app.debug|0|null|10220
2026-02-26 12:07:07.295   736-736   NotifAttentionHelper    system_server                        E  Muting recently noisy 0|com.hypernews.app.debug|0|null|10220
2026-02-26 12:07:07.513   736-736   NotifAttentionHelper    system_server                        E  Muting recently noisy 0|com.hypernews.app.debug|0|null|10220
2026-02-26 12:07:07.958   736-736   NotifAttentionHelper    system_server                        E  Muting recently noisy 0|com.hypernews.app.debug|0|null|10220
2026-02-26 12:07:08.178   736-736   NotifAttentionHelper    system_server                        E  Muting recently noisy 0|com.hypernews.app.debug|0|null|10220
