2026-02-26 11:53:02.793  1531-1531  InsetsController        com.hypernews.app.debug              D  hide(ime(), fromIme=false)
2026-02-26 11:53:02.794  1531-1531  ImeTracker              com.hypernews.app.debug              I  com.hypernews.app.debug:f50824fb: onCancelled at PHASE_CLIENT_ALREADY_HIDDEN
2026-02-26 11:53:03.790  1531-1645  System.err              com.hypernews.app.debug              W  SLF4J: Failed to load class "org.slf4j.impl.StaticLoggerBinder".
2026-02-26 11:53:03.790  1531-1645  System.err              com.hypernews.app.debug              W  SLF4J: Defaulting to no-operation (NOP) logger implementation
2026-02-26 11:53:03.791  1531-1645  System.err              com.hypernews.app.debug              W  SLF4J: See http://www.slf4j.org/codes.html#StaticLoggerBinder for further details.
2026-02-26 11:53:03.969  1531-1645  CompatChangeReporter    com.hypernews.app.debug              D  Compat change id reported: 247079863; UID 10219; state: ENABLED
2026-02-26 11:53:04.011  1531-1531  WM-WorkSpec             com.hypernews.app.debug              W  Interval duration lesser than minimum allowed value; Changed to 900000
2026-02-26 11:53:04.039  1531-1531  WM-PackageManagerHelper com.hypernews.app.debug              D  androidx.work.impl.background.systemjob.SystemJobService enabled
2026-02-26 11:53:04.039  1531-1531  WM-Schedulers           com.hypernews.app.debug              D  Created SystemJobScheduler and enabled SystemJobService
2026-02-26 11:53:04.109  1531-1652  JobInfo                 com.hypernews.app.debug              W  Requested important-while-foreground flag for job0 is ignored and takes no effect
2026-02-26 11:53:04.109  1531-1652  CompatChangeReporter    com.hypernews.app.debug              D  Compat change id reported: 253665015; UID 10219; state: ENABLED
2026-02-26 11:53:04.154  1531-1651  CompatChangeReporter    com.hypernews.app.debug              D  Compat change id reported: 263076149; UID 10219; state: ENABLED
2026-02-26 11:53:04.769  1531-1652  WM-WorkerWrapper        com.hypernews.app.debug              I  Worker result SUCCESS for Work [ id=9ebda1ca-8a69-4940-aec9-166cb5662a24, tags={ com.hypernews.app.worker.NewsSyncWorker } ]
2026-02-26 11:53:04.955  1531-1683  HWUI                    com.hypernews.app.debug              W  Failed to choose config with EGL_SWAP_BEHAVIOR_PRESERVED, retrying without...
2026-02-26 11:53:04.956  1531-1683  HWUI                    com.hypernews.app.debug              W  Failed to initialize 101010-2 format, error = EGL_SUCCESS
2026-02-26 11:53:05.056  1531-1655  HWUI                    com.hypernews.app.debug              W  Image decoding logging dropped!
2026-02-26 11:53:05.100  1531-1647  HWUI                    com.hypernews.app.debug              W  Image decoding logging dropped!
2026-02-26 11:53:05.202   736-736   NotifAttentionHelper    system_server                        E  Muting recently noisy 0|com.hypernews.app.debug|0|null|10219
2026-02-26 11:53:05.427   736-736   NotifAttentionHelper    system_server                        E  Muting recently noisy 0|com.hypernews.app.debug|0|null|10219
2026-02-26 11:53:05.640   736-736   NotifAttentionHelper    system_server                        E  Muting recently noisy 0|com.hypernews.app.debug|0|null|10219
2026-02-26 11:53:05.855   736-736   NotifAttentionHelper    system_server                        E  Muting recently noisy 0|com.hypernews.app.debug|0|null|10219
2026-02-26 11:53:06.291   736-736   NotifAttentionHelper    system_server                        E  Muting recently noisy 0|com.hypernews.app.debug|0|null|10219
2026-02-26 11:53:06.505   736-736   NotifAttentionHelper    system_server                        E  Muting recently noisy 0|com.hypernews.app.debug|0|null|10219
2026-02-26 11:53:06.719   736-736   NotifAttentionHelper    system_server                        E  Muting recently noisy 0|com.hypernews.app.debug|0|null|10219
2026-02-26 11:53:06.937   736-736   NotifAttentionHelper    system_server                        E  Muting recently noisy 0|com.hypernews.app.debug|0|null|10219
2026-02-26 11:53:07.367   736-736   NotifAttentionHelper    system_server                        E  Muting recently noisy 0|com.hypernews.app.debug|0|null|10219
2026-02-26 11:53:07.582   736-736   NotifAttentionHelper    system_server                        E  Muting recently noisy 0|com.hypernews.app.debug|0|null|10219
2026-02-26 11:53:07.795   736-736   NotifAttentionHelper    system_server                        E  Muting recently noisy 0|com.hypernews.app.debug|0|null|10219
2026-02-26 11:53:08.011   736-736   NotifAttentionHelper    system_server                        E  Muting recently noisy 0|com.hypernews.app.debug|0|null|10219
2026-02-26 11:53:08.441   736-736   NotifAttentionHelper    system_server                        E  Muting recently noisy 0|com.hypernews.app.debug|0|null|10219
2026-02-26 11:53:08.655   736-736   NotifAttentionHelper    system_server                        E  Muting recently noisy 0|com.hypernews.app.debug|0|null|10219
2026-02-26 11:53:08.872   736-736   NotifAttentionHelper    system_server                        E  Muting recently noisy 0|com.hypernews.app.debug|0|null|10219
2026-02-26 11:53:09.086   736-736   NotifAttentionHelper    system_server                        E  Muting recently noisy 0|com.hypernews.app.debug|0|null|10219
2026-02-26 11:53:09.517   736-736   NotifAttentionHelper    system_server                        E  Muting recently noisy 0|com.hypernews.app.debug|0|null|10219
2026-02-26 11:53:09.728   736-736   NotifAttentionHelper    system_server                        E  Muting recently noisy 0|com.hypernews.app.debug|0|null|10219
2026-02-26 11:53:09.941   736-736   NotifAttentionHelper    system_server                        E  Muting recently noisy 0|com.hypernews.app.debug|0|null|10219
2026-02-26 11:53:10.155   736-736   NotifAttentionHelper    system_server                        E  Muting recently noisy 0|com.hypernews.app.debug|0|null|10219
2026-02-26 11:53:10.469  1531-1647  HWUI                    com.hypernews.app.debug              W  Image decoding logging dropped!
2026-02-26 11:53:10.612   736-736   NotifAttentionHelper    system_server                        E  Muting recently noisy 0|com.hypernews.app.debug|0|null|10219
2026-02-26 11:53:10.829   736-736   NotifAttentionHelper    system_server                        E  Muting recently noisy 0|com.hypernews.app.debug|0|null|10219
2026-02-26 11:53:11.045   736-736   NotifAttentionHelper    system_server                        E  Muting recently noisy 0|com.hypernews.app.debug|0|null|10219
2026-02-26 11:53:11.259   736-736   NotifAttentionHelper    system_server                        E  Muting recently noisy 0|com.hypernews.app.debug|0|null|10219
2026-02-26 11:53:11.709   736-736   NotifAttentionHelper    system_server                        E  Muting recently noisy 0|com.hypernews.app.debug|0|null|10219
2026-02-26 11:53:11.923   736-736   NotifAttentionHelper    system_server                        E  Muting recently noisy 0|com.hypernews.app.debug|0|null|10219
2026-02-26 11:53:12.137   736-736   NotifAttentionHelper    system_server                        E  Muting recently noisy 0|com.hypernews.app.debug|0|null|10219
2026-02-26 11:53:12.364   736-736   NotifAttentionHelper    system_server                        E  Muting recently noisy 0|com.hypernews.app.debug|0|null|10219
2026-02-26 11:53:12.811   736-736   NotifAttentionHelper    system_server                        E  Muting recently noisy 0|com.hypernews.app.debug|0|null|10219
2026-02-26 11:53:13.035   736-736   NotifAttentionHelper    system_server                        E  Muting recently noisy 0|com.hypernews.app.debug|0|null|10219
2026-02-26 11:53:13.255   736-736   NotifAttentionHelper    system_server                        E  Muting recently noisy 0|com.hypernews.app.debug|0|null|10219
2026-02-26 11:53:13.479   736-736   NotifAttentionHelper    system_server                        E  Muting recently noisy 0|com.hypernews.app.debug|0|null|10219
2026-02-26 11:53:13.937   736-736   NotifAttentionHelper    system_server                        E  Muting recently noisy 0|com.hypernews.app.debug|0|null|10219
2026-02-26 11:53:14.054  1531-1655  HWUI                    com.hypernews.app.debug              W  Image decoding logging dropped!
2026-02-26 11:53:14.169   736-736   NotifAttentionHelper    system_server                        E  Muting recently noisy 0|com.hypernews.app.debug|0|null|10219
2026-02-26 11:53:14.388   736-736   NotifAttentionHelper    system_server                        E  Muting recently noisy 0|com.hypernews.app.debug|0|null|10219
2026-02-26 11:53:14.607   736-736   NotifAttentionHelper    system_server                        E  Muting recently noisy 0|com.hypernews.app.debug|0|null|10219
2026-02-26 11:53:15.039   736-736   NotifAttentionHelper    system_server                        E  Muting recently noisy 0|com.hypernews.app.debug|0|null|10219
2026-02-26 11:53:15.254   736-736   NotifAttentionHelper    system_server                        E  Muting recently noisy 0|com.hypernews.app.debug|0|null|10219
2026-02-26 11:53:15.473   736-736   NotifAttentionHelper    system_server                        E  Muting recently noisy 0|com.hypernews.app.debug|0|null|10219
2026-02-26 11:53:15.690   736-736   NotifAttentionHelper    system_server                        E  Muting recently noisy 0|com.hypernews.app.debug|0|null|10219
2026-02-26 11:53:16.193   736-736   NotifAttentionHelper    system_server                        E  Muting recently noisy 0|com.hypernews.app.debug|0|null|10219
2026-02-26 11:53:16.407   736-736   NotifAttentionHelper    system_server                        E  Muting recently noisy 0|com.hypernews.app.debug|0|null|10219
2026-02-26 11:53:16.640   736-736   NotifAttentionHelper    system_server                        E  Muting recently noisy 0|com.hypernews.app.debug|0|null|10219
2026-02-26 11:53:16.863   736-736   NotifAttentionHelper    system_server                        E  Muting recently noisy 0|com.hypernews.app.debug|0|null|10219
2026-02-26 11:53:17.323   736-736   NotifAttentionHelper    system_server                        E  Muting recently noisy 0|com.hypernews.app.debug|0|null|10219
2026-02-26 11:53:17.547   736-736   NotifAttentionHelper    system_server                        E  Muting recently noisy 0|com.hypernews.app.debug|0|null|10219
2026-02-26 11:53:17.769   736-736   NotifAttentionHelper    system_server                        E  Muting recently noisy 0|com.hypernews.app.debug|0|null|10219
2026-02-26 11:53:18.003   736-736   NotifAttentionHelper    system_server                        E  Muting recently noisy 0|com.hypernews.app.debug|0|null|10219
2026-02-26 11:53:18.206  1531-1531  NavController           com.hypernews.app.debug              I  Ignoring popBackStack to destination -1457927832 as it was not found on the current back stack
2026-02-26 11:53:18.450   736-736   NotifAttentionHelper    system_server                        E  Muting recently noisy 0|com.hypernews.app.debug|0|null|10219
2026-02-26 11:53:18.677   736-736   NotifAttentionHelper    system_server                        E  Muting recently noisy 0|com.hypernews.app.debug|0|null|10219
2026-02-26 11:53:18.897   736-736   NotifAttentionHelper    system_server                        E  Muting recently noisy 0|com.hypernews.app.debug|0|null|10219
2026-02-26 11:53:19.118   736-736   NotifAttentionHelper    system_server                        E  Muting recently noisy 0|com.hypernews.app.debug|0|null|10219
2026-02-26 11:53:19.560   736-736   NotifAttentionHelper    system_server                        E  Muting recently noisy 0|com.hypernews.app.debug|0|null|10219
2026-02-26 11:53:19.786   736-736   NotifAttentionHelper    system_server                        E  Muting recently noisy 0|com.hypernews.app.debug|0|null|10219
2026-02-26 11:53:20.002   736-736   NotifAttentionHelper    system_server                        E  Muting recently noisy 0|com.hypernews.app.debug|0|null|10219
2026-02-26 11:53:20.214   736-736   NotifAttentionHelper    system_server                        E  Muting recently noisy 0|com.hypernews.app.debug|0|null|10219
2026-02-26 11:53:20.650   736-736   NotifAttentionHelper    system_server                        E  Muting recently noisy 0|com.hypernews.app.debug|0|null|10219
2026-02-26 11:53:20.866   736-736   NotifAttentionHelper    system_server                        E  Muting recently noisy 0|com.hypernews.app.debug|0|null|10219
2026-02-26 11:53:21.082   736-736   NotifAttentionHelper    system_server                        E  Muting recently noisy 0|com.hypernews.app.debug|0|null|10219
2026-02-26 11:53:21.302   736-736   NotifAttentionHelper    system_server                        E  Muting recently noisy 0|com.hypernews.app.debug|0|null|10219
2026-02-26 11:53:21.747   736-736   NotifAttentionHelper    system_server                        E  Muting recently noisy 0|com.hypernews.app.debug|0|null|10219
2026-02-26 11:53:21.974   736-736   NotifAttentionHelper    system_server                        E  Muting recently noisy 0|com.hypernews.app.debug|0|null|10219
2026-02-26 11:53:22.192   736-736   NotifAttentionHelper    system_server                        E  Muting recently noisy 0|com.hypernews.app.debug|0|null|10219
2026-02-26 11:53:22.355  1531-1531  NavController           com.hypernews.app.debug              I  Ignoring popBackStack to destination -1457927832 as it was not found on the current back stack
2026-02-26 11:53:22.410   736-736   NotifAttentionHelper    system_server                        E  Muting recently noisy 0|com.hypernews.app.debug|0|null|10219
2026-02-26 11:53:22.853   736-736   NotifAttentionHelper    system_server                        E  Muting recently noisy 0|com.hypernews.app.debug|0|null|10219
2026-02-26 11:53:23.085   736-736   NotifAttentionHelper    system_server                        E  Muting recently noisy 0|com.hypernews.app.debug|0|null|10219
2026-02-26 11:53:23.321   736-736   NotifAttentionHelper    system_server                        E  Muting recently noisy 0|com.hypernews.app.debug|0|null|10219
2026-02-26 11:53:23.550   736-736   NotifAttentionHelper    system_server                        E  Muting recently noisy 0|com.hypernews.app.debug|0|null|10219
2026-02-26 11:53:23.984   736-736   NotifAttentionHelper    system_server                        E  Muting recently noisy 0|com.hypernews.app.debug|0|null|10219
2026-02-26 11:53:24.199   736-736   NotifAttentionHelper    system_server                        E  Muting recently noisy 0|com.hypernews.app.debug|0|null|10219
2026-02-26 11:53:24.413   736-736   NotifAttentionHelper    system_server                        E  Muting recently noisy 0|com.hypernews.app.debug|0|null|10219
2026-02-26 11:53:24.537  1531-1960  DynamiteModule          com.hypernews.app.debug              W  Local module descriptor class for com.google.android.gms.providerinstaller.dynamite not found.
2026-02-26 11:53:24.544  1531-1960  DynamiteModule          com.hypernews.app.debug              I  Considering local module com.google.android.gms.providerinstaller.dynamite:0 and remote module com.google.android.gms.providerinstaller.dynamite:0
2026-02-26 11:53:24.545  1531-1960  ProviderInstaller       com.hypernews.app.debug              W  Failed to load providerinstaller module: No acceptable module com.google.android.gms.providerinstaller.dynamite found. Local version is 0 and remote version is 0.
2026-02-26 11:53:24.546  1531-1960  ApplicationLoaders      com.hypernews.app.debug              D  Returning zygote-cached class loader: /system/framework/org.apache.http.legacy.jar
2026-02-26 11:53:24.547  1531-1960  ApplicationLoaders      com.hypernews.app.debug              D  Returning zygote-cached class loader: /system/framework/com.android.location.provider.jar
2026-02-26 11:53:24.547  1531-1960  ApplicationLoaders      com.hypernews.app.debug              D  Returning zygote-cached class loader: /system/framework/com.android.media.remotedisplay.jar
2026-02-26 11:53:24.548  1531-1960  ApplicationLoaders      com.hypernews.app.debug              D  Returning zygote-cached class loader: /system_ext/framework/androidx.window.extensions.jar
2026-02-26 11:53:24.548  1531-1960  ApplicationLoaders      com.hypernews.app.debug              D  Returning zygote-cached class loader: /system_ext/framework/androidx.window.sidecar.jar
2026-02-26 11:53:24.550  1531-1960  ProviderInstaller       com.hypernews.app.debug              W  Failed to report request stats: com.google.android.gms.common.security.ProviderInstallerImpl.reportRequestStats [class android.content.Context, long, long]
2026-02-26 11:53:24.588  1531-1964  gabz                    com.hypernews.app.debug              I  Unable to retrieve flag snapshot for com.google.android.gms.providerinstaller#com.hypernews.app.debug, using defaults.
2026-02-26 11:53:24.600  1531-1960  nativeloader            com.hypernews.app.debug              D  Load /data/app/~~ZgIihwtPP8qDclNjxNayjQ==/com.google.android.gms-2xNnS-_em7sB140O-K6cUA==/base.apk!/lib/x86_64/libconscrypt_gmscore_jni.so using class loader ns clns-10 (caller=/data/app/~~ZgIihwtPP8qDclNjxNayjQ==/com.google.android.gms-2xNnS-_em7sB140O-K6cUA==/base.apk): ok
2026-02-26 11:53:24.608  1531-1960  NativeCrypto            com.hypernews.app.debug              V  Registering com/google/android/gms/org/conscrypt/NativeCrypto's 334 native methods...
2026-02-26 11:53:24.624  1531-1960  rnews.app.debug         com.hypernews.app.debug              I  hiddenapi: Accessing hidden method Ljava/security/spec/ECParameterSpec;->getCurveName()Ljava/lang/String; (runtime_flags=0, domain=core-platform, api=unsupported) from Lcom/google/android/gms/org/conscrypt/Platform; (domain=app) using reflection: allowed
2026-02-26 11:53:24.629  1531-1962  GoogleApiManager        com.hypernews.app.debug              E  Failed to get service from broker.  (Fix with AI)
                                                                                                    java.lang.SecurityException: Unknown calling package name 'com.google.android.gms'.
                                                                                                    	at android.os.Parcel.createExceptionOrNull(Parcel.java:3340)
                                                                                                    	at android.os.Parcel.createException(Parcel.java:3324)
                                                                                                    	at android.os.Parcel.readException(Parcel.java:3307)
                                                                                                    	at android.os.Parcel.readException(Parcel.java:3249)
                                                                                                    	at beux.a(:com.google.android.gms@260534038@26.05.34 (260800-869443408):36)
                                                                                                    	at besy.z(:com.google.android.gms@260534038@26.05.34 (260800-869443408):143)
                                                                                                    	at bdze.run(:com.google.android.gms@260534038@26.05.34 (260800-869443408):42)
                                                                                                    	at android.os.Handler.handleCallback(Handler.java:995)
                                                                                                    	at android.os.Handler.dispatchMessage(Handler.java:103)
                                                                                                    	at ctdy.mv(:com.google.android.gms@260534038@26.05.34 (260800-869443408):1)
                                                                                                    	at ctdy.dispatchMessage(:com.google.android.gms@260534038@26.05.34 (260800-869443408):5)
                                                                                                    	at android.os.Looper.loopOnce(Looper.java:248)
                                                                                                    	at android.os.Looper.loop(Looper.java:338)
                                                                                                    	at android.os.HandlerThread.run(HandlerThread.java:85)
2026-02-26 11:53:24.630   736-736   NotifAttentionHelper    system_server                        E  Muting recently noisy 0|com.hypernews.app.debug|0|null|10219
2026-02-26 11:53:24.683  1531-1962  GoogleApiManager        com.hypernews.app.debug              W  Not showing notification since connectionResult is not user-facing: ConnectionResult{statusCode=DEVELOPER_ERROR, resolution=null, message=null, clientMethodKey=null}
2026-02-26 11:53:24.690  1531-1960  ProviderInstaller       com.hypernews.app.debug              I  Installed default security provider GmsCore_OpenSSL
2026-02-26 11:53:24.691  1531-1961  FlagRegistrar           com.hypernews.app.debug              W  Failed to register com.google.android.gms.providerinstaller#com.hypernews.app.debug (Fix with AI)
                                                                                                    gacl: 17: 17: API: Phenotype.API is not available on this device. Connection failed with: ConnectionResult{statusCode=DEVELOPER_ERROR, resolution=null, message=null, clientMethodKey=null}
                                                                                                    	at gacn.a(:com.google.android.gms@260534038@26.05.34 (260800-869443408):13)
                                                                                                    	at gykt.d(:com.google.android.gms@260534038@26.05.34 (260800-869443408):3)
                                                                                                    	at gykv.run(:com.google.android.gms@260534038@26.05.34 (260800-869443408):130)
                                                                                                    	at gync.execute(:com.google.android.gms@260534038@26.05.34 (260800-869443408):1)
                                                                                                    	at gyld.f(:com.google.android.gms@260534038@26.05.34 (260800-869443408):1)
                                                                                                    	at gyld.m(:com.google.android.gms@260534038@26.05.34 (260800-869443408):99)
                                                                                                    	at gyld.r(:com.google.android.gms@260534038@26.05.34 (260800-869443408):17)
                                                                                                    	at fsqo.hy(:com.google.android.gms@260534038@26.05.34 (260800-869443408):35)
                                                                                                    	at fftl.run(:com.google.android.gms@260534038@26.05.34 (260800-869443408):12)
                                                                                                    	at gync.execute(:com.google.android.gms@260534038@26.05.34 (260800-869443408):1)
                                                                                                    	at fftm.b(:com.google.android.gms@260534038@26.05.34 (260800-869443408):18)
                                                                                                    	at ffub.b(:com.google.android.gms@260534038@26.05.34 (260800-869443408):34)
                                                                                                    	at ffud.d(:com.google.android.gms@260534038@26.05.34 (260800-869443408):25)
                                                                                                    	at bdwn.c(:com.google.android.gms@260534038@26.05.34 (260800-869443408):9)
                                                                                                    	at bdzc.q(:com.google.android.gms@260534038@26.05.34 (260800-869443408):48)
                                                                                                    	at bdzc.d(:com.google.android.gms@260534038@26.05.34 (260800-869443408):10)
                                                                                                    	at bdzc.g(:com.google.android.gms@260534038@26.05.34 (260800-869443408):191)
                                                                                                    	at bdzc.onConnectionFailed(:com.google.android.gms@260534038@26.05.34 (260800-869443408):2)
                                                                                                    	at bdze.run(:com.google.android.gms@260534038@26.05.34 (260800-869443408):70)
                                                                                                    	at android.os.Handler.handleCallback(Handler.java:995)
                                                                                                    	at android.os.Handler.dispatchMessage(Handler.java:103)
                                                                                                    	at ctdy.mv(:com.google.android.gms@260534038@26.05.34 (260800-869443408):1)
                                                                                                    	at ctdy.dispatchMessage(:com.google.android.gms@260534038@26.05.34 (260800-869443408):5)
                                                                                                    	at android.os.Looper.loopOnce(Looper.java:248)
                                                                                                    	at android.os.Looper.loop(Looper.java:338)
                                                                                                    	at android.os.HandlerThread.run(HandlerThread.java:85)
                                                                                                    Caused by: bduu: 17: API: Phenotype.API is not available on this device. Connection failed with: ConnectionResult{statusCode=DEVELOPER_ERROR, resolution=null, message=null, clientMethodKey=null}
                                                                                                    	at besk.a(:com.google.android.gms@260534038@26.05.34 (260800-869443408):15)
                                                                                                    	at bdwq.a(:com.google.android.gms@260534038@26.05.34 (260800-869443408):1)
                                                                                                    	at bdwn.c(:com.google.android.gms@260534038@26.05.34 (260800-869443408):5)
                                                                                                    	... 12 more
2026-02-26 11:53:25.114   736-736   NotifAttentionHelper    system_server                        E  Muting recently noisy 0|com.hypernews.app.debug|0|null|10219
2026-02-26 11:53:25.143  1531-1979  rnews.app.debug         com.hypernews.app.debug              I  hiddenapi: Accessing hidden field Ljava/net/Socket;->impl:Ljava/net/SocketImpl; (runtime_flags=0, domain=core-platform, api=unsupported) from Lcom/google/android/gms/org/conscrypt/Platform; (domain=app) using reflection: allowed
2026-02-26 11:53:25.225  1531-1979  rnews.app.debug         com.hypernews.app.debug              I  hiddenapi: Accessing hidden method Ljava/security/spec/ECParameterSpec;->setCurveName(Ljava/lang/String;)V (runtime_flags=0, domain=core-platform, api=unsupported) from Lcom/google/android/gms/org/conscrypt/Platform; (domain=app) using reflection: allowed
2026-02-26 11:53:25.338   736-736   NotifAttentionHelper    system_server                        E  Muting recently noisy 0|com.hypernews.app.debug|0|null|10219
2026-02-26 11:53:25.559   736-736   NotifAttentionHelper    system_server                        E  Muting recently noisy 0|com.hypernews.app.debug|0|null|10219
2026-02-26 11:53:25.796   736-736   NotifAttentionHelper    system_server                        E  Muting recently noisy 0|com.hypernews.app.debug|0|null|10219
2026-02-26 11:53:26.230   736-736   NotifAttentionHelper    system_server                        E  Muting recently noisy 0|com.hypernews.app.debug|0|null|10219
2026-02-26 11:53:26.442   736-736   NotifAttentionHelper    system_server                        E  Muting recently noisy 0|com.hypernews.app.debug|0|null|10219
2026-02-26 11:53:26.656   736-736   NotifAttentionHelper    system_server                        E  Muting recently noisy 0|com.hypernews.app.debug|0|null|10219
2026-02-26 11:53:26.870   736-736   NotifAttentionHelper    system_server                        E  Muting recently noisy 0|com.hypernews.app.debug|0|null|10219
2026-02-26 11:53:27.304   736-736   NotifAttentionHelper    system_server                        E  Muting recently noisy 0|com.hypernews.app.debug|0|null|10219
2026-02-26 11:53:27.518   736-736   NotifAttentionHelper    system_server                        E  Muting recently noisy 0|com.hypernews.app.debug|0|null|10219
2026-02-26 11:53:27.731   736-736   NotifAttentionHelper    system_server                        E  Muting recently noisy 0|com.hypernews.app.debug|0|null|10219
2026-02-26 11:53:27.947   736-736   NotifAttentionHelper    system_server                        E  Muting recently noisy 0|com.hypernews.app.debug|0|null|10219
2026-02-26 11:53:28.402   736-736   NotifAttentionHelper    system_server                        E  Muting recently noisy 0|com.hypernews.app.debug|0|null|10219
2026-02-26 11:53:28.619   736-736   NotifAttentionHelper    system_server                        E  Muting recently noisy 0|com.hypernews.app.debug|0|null|10219
2026-02-26 11:53:28.837   736-736   NotifAttentionHelper    system_server                        E  Muting recently noisy 0|com.hypernews.app.debug|0|null|10219
2026-02-26 11:53:29.054   736-736   NotifAttentionHelper    system_server                        E  Muting recently noisy 0|com.hypernews.app.debug|0|null|10219
2026-02-26 11:53:29.485   736-736   NotifAttentionHelper    system_server                        E  Muting recently noisy 0|com.hypernews.app.debug|0|null|10219
2026-02-26 11:53:29.699   736-736   NotifAttentionHelper    system_server                        E  Muting recently noisy 0|com.hypernews.app.debug|0|null|10219
2026-02-26 11:53:29.915   736-736   NotifAttentionHelper    system_server                        E  Muting recently noisy 0|com.hypernews.app.debug|0|null|10219
2026-02-26 11:53:30.131   736-736   NotifAttentionHelper    system_server                        E  Muting recently noisy 0|com.hypernews.app.debug|0|null|10219
2026-02-26 11:53:30.561   736-736   NotifAttentionHelper    system_server                        E  Muting recently noisy 0|com.hypernews.app.debug|0|null|10219
2026-02-26 11:53:30.776   736-736   NotifAttentionHelper    system_server                        E  Muting recently noisy 0|com.hypernews.app.debug|0|null|10219
2026-02-26 11:53:30.992   736-736   NotifAttentionHelper    system_server                        E  Muting recently noisy 0|com.hypernews.app.debug|0|null|10219
2026-02-26 11:53:31.214   736-736   NotifAttentionHelper    system_server                        E  Muting recently noisy 0|com.hypernews.app.debug|0|null|10219
2026-02-26 11:53:31.649   736-736   NotifAttentionHelper    system_server                        E  Muting recently noisy 0|com.hypernews.app.debug|0|null|10219
2026-02-26 11:53:31.865   736-736   NotifAttentionHelper    system_server                        E  Muting recently noisy 0|com.hypernews.app.debug|0|null|10219
2026-02-26 11:53:32.081   736-736   NotifAttentionHelper    system_server                        E  Muting recently noisy 0|com.hypernews.app.debug|0|null|10219
2026-02-26 11:53:32.298   736-736   NotifAttentionHelper    system_server                        E  Muting recently noisy 0|com.hypernews.app.debug|0|null|10219
2026-02-26 11:53:32.746   736-736   NotifAttentionHelper    system_server                        E  Muting recently noisy 0|com.hypernews.app.debug|0|null|10219
2026-02-26 11:53:32.969   736-736   NotifAttentionHelper    system_server                        E  Muting recently noisy 0|com.hypernews.app.debug|0|null|10219
2026-02-26 11:53:33.195   736-736   NotifAttentionHelper    system_server                        E  Muting recently noisy 0|com.hypernews.app.debug|0|null|10219
2026-02-26 11:53:33.417   736-736   NotifAttentionHelper    system_server                        E  Muting recently noisy 0|com.hypernews.app.debug|0|null|10219